ERROR: The command failed with an unexpected error. Here is the traceback:
ERROR: badly formed help string
Traceback (most recent call last):
  File "/usr/lib64/python3.14/argparse.py", line 1748, in _check_help
    formatter._expand_help(action)
    ~~~~~~~~~~~~~~~~~~~~~~^^^^^^^^
  File "/usr/lib64/python3.14/argparse.py", line 676, in _expand_help
    return help_string % params
           ~~~~~~~~~~~~^~~~~~~~
ValueError: unsupported format character 'Y' (0x59) at index 77

The above exception was the direct cause of the following exception:

Traceback (most recent call last):
  File "/home/anaeem/.local/lib/python3.14/site-packages/knack/cli.py", line 233, in invoke
    cmd_result = self.invocation.execute(args)
  File "/home/anaeem/.local/lib/python3.14/site-packages/azure/cli/core/commands/__init__.py", line 575, in execute
    self.parser.load_command_table(self.commands_loader)
    ~~~~~~~~~~~~~~~~~~~~~~~~~~~~~~^^^^^^^^^^^^^^^^^^^^^^
  File "/home/anaeem/.local/lib/python3.14/site-packages/azure/cli/core/parser.py", line 129, in load_command_table
    param = AzCliCommandParser._add_argument(command_parser, arg)
  File "/home/anaeem/.local/lib/python3.14/site-packages/knack/parser.py", line 64, in _add_argument
    return obj.add_argument(*scrubbed_options_list, **argparse_options)
           ~~~~~~~~~~~~~~~~^^^^^^^^^^^^^^^^^^^^^^^^^^^^^^^^^^^^^^^^^^^^
  File "/usr/lib64/python3.14/argparse.py", line 1562, in add_argument
    self._check_help(action)
    ~~~~~~~~~~~~~~~~^^^^^^^^
  File "/usr/lib64/python3.14/argparse.py", line 1750, in _check_help
    raise ValueError('badly formed help string') from exc
ValueError: badly formed help string
To check existing issues, please visit: https://github.com/Azure/azure-cli/issues
